DEBUG: Loading env from C:\Users\nebad\Desktop\dailystockdata\dailystockdata\.env.local
DEBUG: File start: # Supabase ?ㅼ젙
NEXT_PUBLIC_SUPABASE_URL=https://ga
DEBUG: Contains DATABASE_URL? : false
DEBUG: DATABASE_URL is UNSET
node.exe : ??DATABASE_URL is not defined in environment variables.
위치 C:\Program Files\nodejs\npx.ps1:29 문자:3
+   & $NODE_EXE $NPX_CLI_JS $args
+   ~~~~~~~~~~~~~~~~~~~~~~~~~~~~~
    + CategoryInfo          : NotSpecified: (??DATABASE_URL ...ment varia   
 bles.:String) [], RemoteException
    + FullyQualifiedErrorId : NativeCommandError
 
?㎦ Testing Dashboard SQL Query...
??Query Failed: Error: SASL: SCRAM-SERVER-FIRST-MESSAGE: client password mus
t be a string
    at C:\Users\nebad\Desktop\dailystockdata\dailystockdata\node_modules\pg-
pool\index.js:45:11
    at process.processTicksAndRejections (node:internal/process/task_queues:
105:5)
    at async query (C:\Users\nebad\Desktop\dailystockdata\dailystockdata\lib
\db.ts:26:17)
    at async testDashboardQuery (C:\Users\nebad\Desktop\dailystockdata\daily
stockdata\scripts\test-dashboard-query.ts:36:34)
